// Jest Snapshot v1, https://goo.gl/fbAQLP

exports[`Tabs Component renders the first tab by default 1`] = `
<div>
  0
</div>
`;
